-- The C compiler identification is GNU 11.4.0
-- The CXX compiler identification is GNU 11.4.0
-- Detecting C compiler ABI info
-- Detecting C compiler ABI info - done
-- Check for working C compiler: /usr/bin/cc - skipped
-- Detecting C compile features
-- Detecting C compile features - done
-- Detecting CXX compiler ABI info
-- Detecting CXX compiler ABI info - done
-- Check for working CXX compiler: /usr/bin/c++ - skipped
-- Detecting CXX compile features
-- Detecting CXX compile features - done
-- Current platform: Linux
-- Found SWIG: /usr/bin/swig4.0 (found version "4.0.2")  
-- Found PythonInterp: /usr/bin/python3.10 (found version "3.10.12") 
-- Found PythonLibs: /usr/lib/x86_64-linux-gnu/libpython3.10.so (found version "3.10.12") 
-- Found GTest: /usr/lib/x86_64-linux-gnu/cmake/GTest/GTestConfig.cmake (found version "1.11.0")  
-- build python API....
-- 
-- +===========================================================================+
-- |         Resulting configuration for                             |
-- +===========================================================================+
--  _________________________ PLATFORM _____________________________
--  Host                        : Linux6.8.0-40-genericx86_64
--  Is the system big endian?   :  No 
--  Word size (32/64 bit)       : 64
--  CMake version               : 3.22.1
--  CMake generator             : Unix Makefiles
--  CMake build tool            : /usr/bin/gmake
--  Compiler                    : GNU
--  Configuration               : 
-- 
--  __________________________ OPTIONS _____________________________
--  Build YDLidar-SDK as a shared library?　　 :  No 
--  Build Examples?　　　　　　　　　　　　　　 : Yes 
--  Build C Sharp API?　　　　　　　　　　　　 :  No 
--  Build TEST?  			　　　 :  No 
-- 
--  _________________________ INSTALL _____________________
--  Install prefix                    : /home/ryo/ros2_ws/install/ydlidar_sdk
-- 
--  _______________________ WRAPPERS/BINDINGS ______________________
--  Python bindings (pyydlidar)   : Yes 
--   - dep: Swig found?       : Yes [Version: 4.0.2]
--   - dep: PythonLibs found?  : Yes [Version: 3.10.12]
-- 
-- Configuring done
-- Generating done
-- Build files have been written to: /home/ryo/ros2_ws/build/ydlidar_sdk
[35m[1mScanning dependencies of target ydlidar_swig_compilation[0m
[  8%] [32mBuilding CXX object CMakeFiles/ydlidar_sdk.dir/core/common/ydlidar_def.cpp.o[0m
[  8%] [32mBuilding CXX object CMakeFiles/ydlidar_sdk.dir/core/base/timer.cpp.o[0m
[  8%] [32mBuilding CXX object CMakeFiles/ydlidar_sdk.dir/core/network/SimpleSocket.cpp.o[0m
[  8%] [32mBuilding CXX object CMakeFiles/ydlidar_sdk.dir/core/network/ActiveSocket.cpp.o[0m
[ 12%] [34m[1mSwig compile ydlidar_sdk.i for python[0m
[ 14%] [32mBuilding C object CMakeFiles/ydlidar_sdk.dir/core/serial/impl/unix/lock.c.o[0m
[ 16%] [32mBuilding CXX object CMakeFiles/ydlidar_sdk.dir/core/serial/impl/unix/unix_serial.cpp.o[0m
[ 16%] [32mBuilding CXX object CMakeFiles/ydlidar_sdk.dir/core/serial/impl/unix/list_ports_linux.cpp.o[0m
[ 18%] [32mBuilding CXX object CMakeFiles/ydlidar_sdk.dir/src/CYdLidar.cpp.o[0m
[ 20%] [32mBuilding CXX object CMakeFiles/ydlidar_sdk.dir/src/DTSLidarDriver.cpp.o[0m
[ 22%] [32mBuilding CXX object CMakeFiles/ydlidar_sdk.dir/core/serial/serial.cpp.o[0m
[ 24%] [32mBuilding CXX object CMakeFiles/ydlidar_sdk.dir/core/network/PassiveSocket.cpp.o[0m
[ 26%] [32mBuilding CXX object CMakeFiles/ydlidar_sdk.dir/src/ETLidarDriver.cpp.o[0m
[ 28%] [32mBuilding CXX object CMakeFiles/ydlidar_sdk.dir/src/GSLidarDriver.cpp.o[0m
[ 30%] [32mBuilding CXX object CMakeFiles/ydlidar_sdk.dir/src/SDMLidarDriver.cpp.o[0m
[ 32%] [32mBuilding CXX object CMakeFiles/ydlidar_sdk.dir/src/YDlidarDriver.cpp.o[0m
[ 34%] [32mBuilding CXX object CMakeFiles/ydlidar_sdk.dir/src/ydlidar_sdk.cpp.o[0m
[ 36%] [32mBuilding CXX object CMakeFiles/ydlidar_sdk.dir/src/filters/NoiseFilter.cpp.o[0m
[ 38%] [32mBuilding CXX object CMakeFiles/ydlidar_sdk.dir/src/filters/StrongLightFilter.cpp.o[0m
[ 38%] Built target ydlidar_swig_compilation
[ 40%] [32m[1mLinking CXX static library libydlidar_sdk.a[0m
[ 40%] Built target ydlidar_sdk
[ 42%] [32mBuilding CXX object examples/CMakeFiles/gs_ota.dir/gs_ota.cpp.o[0m
[ 44%] [32mBuilding CXX object examples/CMakeFiles/sdm18_test.dir/sdm18_test.cpp.o[0m
[ 48%] [32mBuilding CXX object examples/CMakeFiles/tmini_test.dir/tmini_test.cpp.o[0m
[ 48%] [32mBuilding CXX object examples/CMakeFiles/gs_test2.dir/gs_test2.cpp.o[0m
[ 50%] [32mBuilding CXX object examples/CMakeFiles/tea_test.dir/tea_test.cpp.o[0m
[ 52%] [32mBuilding CXX object examples/CMakeFiles/scl_test.dir/scl_test.cpp.o[0m
[ 54%] [32mBuilding CXX object examples/CMakeFiles/et_test.dir/et_test.cpp.o[0m
[ 56%] [32mBuilding CXX object examples/CMakeFiles/tri_restart.dir/tri_restart.cpp.o[0m
[ 60%] [32mBuilding CXX object examples/CMakeFiles/tof_test.dir/tof_test.cpp.o[0m
[ 60%] [32mBuilding CXX object examples/CMakeFiles/sdm_test.dir/sdm_test.cpp.o[0m
[ 64%] [32mBuilding CXX object examples/CMakeFiles/tri_and_gs_test.dir/tri_and_gs_test.cpp.o[0m
[ 64%] [32mBuilding CXX object examples/CMakeFiles/gs_test.dir/gs_test.cpp.o[0m
[ 66%] [32m[1mLinking CXX executable ../tri_and_gs_test[0m
[ 68%] [32m[1mLinking CXX executable ../sdm18_test[0m
[ 70%] [32m[1mLinking CXX executable ../tmini_test[0m
[ 72%] [32m[1mLinking CXX executable ../sdm_test[0m
[ 74%] [32m[1mLinking CXX executable ../et_test[0m
[ 76%] [32m[1mLinking CXX executable ../tri_restart[0m
[ 78%] [32m[1mLinking CXX executable ../tea_test[0m
[ 80%] [32m[1mLinking CXX executable ../gs_ota[0m
[ 80%] Built target tri_and_gs_test
[ 82%] [32mBuilding CXX object examples/CMakeFiles/tri_test.dir/tri_test.cpp.o[0m
[ 82%] Built target tmini_test
[ 82%] Built target sdm18_test
[ 84%] [32m[1mLinking CXX executable ../scl_test[0m
[ 84%] Built target sdm_test
[ 86%] [32mBuilding CXX object python/CMakeFiles/_ydlidar.dir/CMakeFiles/_ydlidar.dir/ydlidar_sdkPYTHON_wrap.cxx.o[0m
[ 88%] [32m[1mLinking CXX executable ../tof_test[0m
[ 90%] [32mBuilding C object examples/CMakeFiles/lidar_c_api_test.dir/lidar_c_api_test.c.o[0m
[ 90%] Built target et_test
[ 90%] Built target tri_restart
[ 92%] [32m[1mLinking CXX executable ../lidar_c_api_test[0m
[ 92%] Built target tea_test
[ 92%] Built target gs_ota
[ 94%] [32m[1mLinking CXX executable ../gs_test[0m
[ 94%] Built target scl_test
[ 94%] Built target tof_test
[ 94%] Built target lidar_c_api_test
[ 96%] [32m[1mLinking CXX executable ../gs_test2[0m
[ 96%] Built target gs_test
[ 96%] Built target gs_test2
[ 98%] [32m[1mLinking CXX executable ../tri_test[0m
[ 98%] Built target tri_test
[100%] [32m[1mLinking CXX shared module _ydlidar.so[0m
[100%] Built target _ydlidar
-- Install configuration: ""
-- Installing: /home/ryo/ros2_ws/install/ydlidar_sdk/include/core/base/datatype.h
-- Installing: /home/ryo/ros2_ws/install/ydlidar_sdk/include/core/base/locker.h
-- Installing: /home/ryo/ros2_ws/install/ydlidar_sdk/include/core/base/thread.h
-- Installing: /home/ryo/ros2_ws/install/ydlidar_sdk/include/core/base/timer.h
-- Installing: /home/ryo/ros2_ws/install/ydlidar_sdk/include/core/base/typedef.h
-- Installing: /home/ryo/ros2_ws/install/ydlidar_sdk/include/core/base/utils.h
-- Installing: /home/ryo/ros2_ws/install/ydlidar_sdk/include/core/base/v8stdint.h
-- Installing: /home/ryo/ros2_ws/install/ydlidar_sdk/include/core/base/ydlidar.h
-- Installing: /home/ryo/ros2_ws/install/ydlidar_sdk/include/core/common/ChannelDevice.h
-- Installing: /home/ryo/ros2_ws/install/ydlidar_sdk/include/core/common/DriverInterface.h
-- Installing: /home/ryo/ros2_ws/install/ydlidar_sdk/include/core/common/ydlidar_datatype.h
-- Installing: /home/ryo/ros2_ws/install/ydlidar_sdk/include/core/common/ydlidar_def.h
-- Installing: /home/ryo/ros2_ws/install/ydlidar_sdk/include/core/common/ydlidar_help.h
-- Installing: /home/ryo/ros2_ws/install/ydlidar_sdk/include/core/common/ydlidar_protocol.h
-- Installing: /home/ryo/ros2_ws/install/ydlidar_sdk/include/core/math/angles.h
-- Installing: /home/ryo/ros2_ws/install/ydlidar_sdk/include/core/network/ActiveSocket.h
-- Installing: /home/ryo/ros2_ws/install/ydlidar_sdk/include/core/network/PassiveSocket.h
-- Installing: /home/ryo/ros2_ws/install/ydlidar_sdk/include/core/network/SimpleSocket.h
-- Installing: /home/ryo/ros2_ws/install/ydlidar_sdk/include/core/network/StatTimer.h
-- Installing: /home/ryo/ros2_ws/install/ydlidar_sdk/include/core/serial/common.h
-- Installing: /home/ryo/ros2_ws/install/ydlidar_sdk/include/core/serial/serial.h
-- Installing: /home/ryo/ros2_ws/install/ydlidar_sdk/include/core/serial/impl/unix/lock.h
-- Installing: /home/ryo/ros2_ws/install/ydlidar_sdk/include/core/serial/impl/unix/unix.h
-- Installing: /home/ryo/ros2_ws/install/ydlidar_sdk/include/core/serial/impl/unix/unix_serial.h
-- Installing: /home/ryo/ros2_ws/install/ydlidar_sdk/include/src/CYdLidar.h
-- Installing: /home/ryo/ros2_ws/install/ydlidar_sdk/include/src/DTSLidarDriver.h
-- Installing: /home/ryo/ros2_ws/install/ydlidar_sdk/include/src/ETLidarDriver.h
-- Installing: /home/ryo/ros2_ws/install/ydlidar_sdk/include/src/GSLidarDriver.h
-- Installing: /home/ryo/ros2_ws/install/ydlidar_sdk/include/src/SDMLidarDriver.h
-- Installing: /home/ryo/ros2_ws/install/ydlidar_sdk/include/src/YDlidarDriver.h
-- Installing: /home/ryo/ros2_ws/install/ydlidar_sdk/include/src/ydlidar_sdk.h
-- Installing: /home/ryo/ros2_ws/install/ydlidar_sdk/include/src/filters/FilterInterface.h
-- Installing: /home/ryo/ros2_ws/install/ydlidar_sdk/include/src/filters/NoiseFilter.h
-- Installing: /home/ryo/ros2_ws/install/ydlidar_sdk/include/src/filters/StrongLightFilter.h
-- Installing: /home/ryo/ros2_ws/install/ydlidar_sdk/include/ydlidar_config.h
-- Installing: /home/ryo/ros2_ws/install/ydlidar_sdk/lib/libydlidar_sdk.a
-- Installing: /home/ryo/ros2_ws/install/ydlidar_sdk/lib/pkgconfig/YDLIDAR_SDK.pc
-- Installing: /home/ryo/ros2_ws/install/ydlidar_sdk/lib/cmake/ydlidar_sdk/ydlidar_sdkConfig.cmake
-- Installing: /home/ryo/ros2_ws/install/ydlidar_sdk/lib/cmake/ydlidar_sdk/ydlidar_sdkTargets.cmake
-- Installing: /home/ryo/ros2_ws/install/ydlidar_sdk/lib/cmake/ydlidar_sdk/ydlidar_sdkConfigVersion.cmake
-- Installing: /home/ryo/ros2_ws/install/ydlidar_sdk/share/YDLIDAR_SDK/FindYDLIDAR_SDK.cmake
-- Up-to-date: /home/ryo/ros2_ws/install/ydlidar_sdk/share/YDLIDAR_SDK
-- Installing: /home/ryo/ros2_ws/install/ydlidar_sdk/share/YDLIDAR_SDK/PackageConfigVersion.cmake.in
-- Installing: /home/ryo/ros2_ws/install/ydlidar_sdk/share/YDLIDAR_SDK/script_show_final_summary.cmake
-- Installing: /home/ryo/ros2_ws/install/ydlidar_sdk/share/YDLIDAR_SDK/common
-- Installing: /home/ryo/ros2_ws/install/ydlidar_sdk/share/YDLIDAR_SDK/common/ydlidar_base.cmake
-- Installing: /home/ryo/ros2_ws/install/ydlidar_sdk/share/YDLIDAR_SDK/common/ydlidar_parse.cmake
-- Installing: /home/ryo/ros2_ws/install/ydlidar_sdk/share/YDLIDAR_SDK/FindPackage.cmake.in
-- Installing: /home/ryo/ros2_ws/install/ydlidar_sdk/share/YDLIDAR_SDK/PkgConfig.pc.in
-- Installing: /home/ryo/ros2_ws/install/ydlidar_sdk/share/YDLIDAR_SDK/install_package.cmake
-- Installing: /home/ryo/ros2_ws/install/ydlidar_sdk/share/YDLIDAR_SDK/cmake_uninstall.cmake.in
-- Installing: /home/ryo/ros2_ws/install/ydlidar_sdk/share/YDLIDAR_SDK/PackageConfig.cmake.in
-- Installing: /home/ryo/ros2_ws/install/ydlidar_sdk/share/YDLIDAR_SDK/LICENSE.txt
-- Installing: /home/ryo/ros2_ws/install/ydlidar_sdk/share/YDLIDAR_SDK/README.md
-- Installing: /home/ryo/ros2_ws/install/ydlidar_sdk/share/YDLIDAR_SDK/doc
-- Installing: /home/ryo/ros2_ws/install/ydlidar_sdk/share/YDLIDAR_SDK/doc/YDLIDAR_SDK_API_for_Developers.md
-- Installing: /home/ryo/ros2_ws/install/ydlidar_sdk/share/YDLIDAR_SDK/doc/howto
-- Installing: /home/ryo/ros2_ws/install/ydlidar_sdk/share/YDLIDAR_SDK/doc/howto/how_to_create_a_pull.md
-- Installing: /home/ryo/ros2_ws/install/ydlidar_sdk/share/YDLIDAR_SDK/doc/howto/images
-- Installing: /home/ryo/ros2_ws/install/ydlidar_sdk/share/YDLIDAR_SDK/doc/howto/images/ttyUSB1.png
-- Installing: /home/ryo/ros2_ws/install/ydlidar_sdk/share/YDLIDAR_SDK/doc/howto/images/cpack.png
-- Installing: /home/ryo/ros2_ws/install/ydlidar_sdk/share/YDLIDAR_SDK/doc/howto/images/sequence.png
-- Installing: /home/ryo/ros2_ws/install/ydlidar_sdk/share/YDLIDAR_SDK/doc/howto/images/sdk_init.png
-- Installing: /home/ryo/ros2_ws/install/ydlidar_sdk/share/YDLIDAR_SDK/doc/howto/images/ttyUSB0.png
-- Installing: /home/ryo/ros2_ws/install/ydlidar_sdk/share/YDLIDAR_SDK/doc/howto/images/csharp_build.png
-- Installing: /home/ryo/ros2_ws/install/ydlidar_sdk/share/YDLIDAR_SDK/doc/howto/images/vscode
-- Installing: /home/ryo/ros2_ws/install/ydlidar_sdk/share/YDLIDAR_SDK/doc/howto/images/vscode/tasks.png
-- Installing: /home/ryo/ros2_ws/install/ydlidar_sdk/share/YDLIDAR_SDK/doc/howto/images/vscode/run_tasks.jpg
-- Installing: /home/ryo/ros2_ws/install/ydlidar_sdk/share/YDLIDAR_SDK/doc/howto/images/csharp_project.png
-- Installing: /home/ryo/ros2_ws/install/ydlidar_sdk/share/YDLIDAR_SDK/doc/howto/images/ydlidar_lidar_monitor.png
-- Installing: /home/ryo/ros2_ws/install/ydlidar_sdk/share/YDLIDAR_SDK/doc/howto/images/sdk_scanning.png
-- Installing: /home/ryo/ros2_ws/install/ydlidar_sdk/share/YDLIDAR_SDK/doc/howto/images/csharp_running.png
-- Installing: /home/ryo/ros2_ws/install/ydlidar_sdk/share/YDLIDAR_SDK/doc/howto/images/csharp_library.png
-- Installing: /home/ryo/ros2_ws/install/ydlidar_sdk/share/YDLIDAR_SDK/doc/howto/images/csharp_exception.png
-- Installing: /home/ryo/ros2_ws/install/ydlidar_sdk/share/YDLIDAR_SDK/doc/howto/README.md
-- Installing: /home/ryo/ros2_ws/install/ydlidar_sdk/share/YDLIDAR_SDK/doc/howto/how_to_build_and_debug_using_vscode.md
-- Installing: /home/ryo/ros2_ws/install/ydlidar_sdk/share/YDLIDAR_SDK/doc/howto/how_to_create_a_udev_rules.md
-- Installing: /home/ryo/ros2_ws/install/ydlidar_sdk/share/YDLIDAR_SDK/doc/howto/how_to_build_and_install.md
-- Installing: /home/ryo/ros2_ws/install/ydlidar_sdk/share/YDLIDAR_SDK/doc/howto/how_to_create_a_csharp_project.md
-- Installing: /home/ryo/ros2_ws/install/ydlidar_sdk/share/YDLIDAR_SDK/doc/howto/how_to_gerenrate_vs_project_by_cmake.md
-- Installing: /home/ryo/ros2_ws/install/ydlidar_sdk/share/YDLIDAR_SDK/doc/howto/how_to_solve_slow_pull_from_cn.md
-- Installing: /home/ryo/ros2_ws/install/ydlidar_sdk/share/YDLIDAR_SDK/doc/images
-- Installing: /home/ryo/ros2_ws/install/ydlidar_sdk/share/YDLIDAR_SDK/doc/images/frame.png
-- Installing: /home/ryo/ros2_ws/install/ydlidar_sdk/share/YDLIDAR_SDK/doc/images/communication_mechanism.png
-- Installing: /home/ryo/ros2_ws/install/ydlidar_sdk/share/YDLIDAR_SDK/doc/images/system_workflow.png
-- Installing: /home/ryo/ros2_ws/install/ydlidar_sdk/share/YDLIDAR_SDK/doc/images/angle_q2.png
-- Installing: /home/ryo/ros2_ws/install/ydlidar_sdk/share/YDLIDAR_SDK/doc/images/YDLidar.jpg
-- Installing: /home/ryo/ros2_ws/install/ydlidar_sdk/share/YDLIDAR_SDK/doc/images/sdk_architecture.png
-- Installing: /home/ryo/ros2_ws/install/ydlidar_sdk/share/YDLIDAR_SDK/doc/images/sequence.png
-- Installing: /home/ryo/ros2_ws/install/ydlidar_sdk/share/YDLIDAR_SDK/doc/images/sdk_init.png
-- Installing: /home/ryo/ros2_ws/install/ydlidar_sdk/share/YDLIDAR_SDK/doc/images/FlowChart.png
-- Installing: /home/ryo/ros2_ws/install/ydlidar_sdk/share/YDLIDAR_SDK/doc/images/EAI.png
-- Installing: /home/ryo/ros2_ws/install/ydlidar_sdk/share/YDLIDAR_SDK/doc/images/sdk_scanning.png
-- Installing: /home/ryo/ros2_ws/install/ydlidar_sdk/share/YDLIDAR_SDK/doc/images/frame_intensity.png
-- Installing: /home/ryo/ros2_ws/install/ydlidar_sdk/share/YDLIDAR_SDK/doc/images/YDLidar.png
-- Installing: /home/ryo/ros2_ws/install/ydlidar_sdk/share/YDLIDAR_SDK/doc/README.md
-- Installing: /home/ryo/ros2_ws/install/ydlidar_sdk/share/YDLIDAR_SDK/doc/YDLidar-SDK-Communication-Protocol.md
-- Installing: /home/ryo/ros2_ws/install/ydlidar_sdk/share/YDLIDAR_SDK/doc/YDLidar-SDK-Communication-Protocol.html
-- Installing: /home/ryo/ros2_ws/install/ydlidar_sdk/share/YDLIDAR_SDK/doc/Dataset.md
-- Installing: /home/ryo/ros2_ws/install/ydlidar_sdk/share/YDLIDAR_SDK/doc/tutorials
-- Installing: /home/ryo/ros2_ws/install/ydlidar_sdk/share/YDLIDAR_SDK/doc/tutorials/writing_lidar_tutorial_c++.md
-- Installing: /home/ryo/ros2_ws/install/ydlidar_sdk/share/YDLIDAR_SDK/doc/tutorials/writing_lidar_tutorial_python.md
-- Installing: /home/ryo/ros2_ws/install/ydlidar_sdk/share/YDLIDAR_SDK/doc/tutorials/examine_the_simple_lidar_tutorial.md
-- Installing: /home/ryo/ros2_ws/install/ydlidar_sdk/share/YDLIDAR_SDK/doc/tutorials/writing_lidar_network_adapter_tutorial_c++.md
-- Installing: /home/ryo/ros2_ws/install/ydlidar_sdk/share/YDLIDAR_SDK/doc/tutorials/writing_lidar_tutorial_c.md
-- Installing: /home/ryo/ros2_ws/install/ydlidar_sdk/share/YDLIDAR_SDK/doc/Tutorials.md
-- Installing: /home/ryo/ros2_ws/install/ydlidar_sdk/share/YDLIDAR_SDK/doc/SDK.pdf
-- Installing: /home/ryo/ros2_ws/install/ydlidar_sdk/share/YDLIDAR_SDK/doc/YDLidar_SDK_Communication_Protocol.pdf
-- Installing: /home/ryo/ros2_ws/install/ydlidar_sdk/share/YDLIDAR_SDK/doc/FAQs
-- Installing: /home/ryo/ros2_ws/install/ydlidar_sdk/share/YDLIDAR_SDK/doc/FAQs/General_FAQs_cn.md
-- Installing: /home/ryo/ros2_ws/install/ydlidar_sdk/share/YDLIDAR_SDK/doc/FAQs/README.md
-- Installing: /home/ryo/ros2_ws/install/ydlidar_sdk/share/YDLIDAR_SDK/doc/FAQs/Software_FAQs_cn.md
-- Installing: /home/ryo/ros2_ws/install/ydlidar_sdk/share/YDLIDAR_SDK/doc/FAQs/Software_FAQs.md
-- Installing: /home/ryo/ros2_ws/install/ydlidar_sdk/share/YDLIDAR_SDK/doc/FAQs/General_FAQs.md
-- Installing: /home/ryo/ros2_ws/install/ydlidar_sdk/share/YDLIDAR_SDK/doc/FAQs/Hardware_FAQs.md
-- Installing: /home/ryo/ros2_ws/install/ydlidar_sdk/share/YDLIDAR_SDK/doc/FAQs/Hardware_FAQs_cn.md
-- Installing: /home/ryo/ros2_ws/install/ydlidar_sdk/share/YDLIDAR_SDK/doc/YDLidar-SDK-Communication-Protocol.pdf
-- Installing: /home/ryo/ros2_ws/install/ydlidar_sdk/share/YDLIDAR_SDK/doc/Diagram.md
-- Installing: /home/ryo/ros2_ws/install/ydlidar_sdk/share/YDLIDAR_SDK/doc/quickstart
-- Installing: /home/ryo/ros2_ws/install/ydlidar_sdk/share/YDLIDAR_SDK/doc/quickstart/README.md
-- Installing: /home/ryo/ros2_ws/install/ydlidar_sdk/share/YDLIDAR_SDK/doc/quickstart/ydlidar_sdk_software_installation_guide.md
-- Installing: /home/ryo/ros2_ws/install/ydlidar_sdk/startup/initenv.sh
-- Installing: /home/ryo/ros2_ws/install/ydlidar_sdk/bin/et_test
-- Installing: /home/ryo/ros2_ws/install/ydlidar_sdk/bin/gs_ota
-- Installing: /home/ryo/ros2_ws/install/ydlidar_sdk/bin/gs_test
-- Installing: /home/ryo/ros2_ws/install/ydlidar_sdk/bin/gs_test2
-- Installing: /home/ryo/ros2_ws/install/ydlidar_sdk/bin/scl_test
-- Installing: /home/ryo/ros2_ws/install/ydlidar_sdk/bin/sdm18_test
-- Installing: /home/ryo/ros2_ws/install/ydlidar_sdk/bin/sdm_test
-- Installing: /home/ryo/ros2_ws/install/ydlidar_sdk/bin/tea_test
-- Installing: /home/ryo/ros2_ws/install/ydlidar_sdk/bin/tmini_test
-- Installing: /home/ryo/ros2_ws/install/ydlidar_sdk/bin/tof_test
-- Installing: /home/ryo/ros2_ws/install/ydlidar_sdk/bin/tri_and_gs_test
-- Installing: /home/ryo/ros2_ws/install/ydlidar_sdk/bin/tri_restart
-- Installing: /home/ryo/ros2_ws/install/ydlidar_sdk/bin/tri_test
-- Installing: /home/ryo/ros2_ws/install/ydlidar_sdk/bin/lidar_c_api_test
-- Installing: /home/ryo/ros2_ws/install/ydlidar_sdk/lib/python3/dist-packages/_ydlidar.so
-- Installing: /home/ryo/ros2_ws/install/ydlidar_sdk/lib/python3/dist-packages/ydlidar.py
-- Installing: /home/ryo/ros2_ws/install/ydlidar_sdk/bin/etlidar_test.py
-- Installing: /home/ryo/ros2_ws/install/ydlidar_sdk/bin/gs_test.py
-- Installing: /home/ryo/ros2_ws/install/ydlidar_sdk/bin/plot_tof_test.py
-- Installing: /home/ryo/ros2_ws/install/ydlidar_sdk/bin/plot_ydlidar_test.py
-- Installing: /home/ryo/ros2_ws/install/ydlidar_sdk/bin/tea_test.py
-- Installing: /home/ryo/ros2_ws/install/ydlidar_sdk/bin/test.py
-- Installing: /home/ryo/ros2_ws/install/ydlidar_sdk/bin/tminiplus_test.py
-- Installing: /home/ryo/ros2_ws/install/ydlidar_sdk/bin/tof_test.py
-- Installing: /home/ryo/ros2_ws/install/ydlidar_sdk/bin/tri_test.py
